// Vitest Snapshot v1, https://vitest.dev/guide/snapshot.html

exports[`activity-box > handles failure to update the Gist 1`] = `"Error getting or update the Gist: Error: 404"`;

exports[`activity-box > updates the Gist with the expected string 1`] = `
{
  "content": "❗️ Open: issue #35 in clippy/really-really-really-really-rea...
💪 Open: PR #38 in clippy/take-over-github
❗️ Open: issue #31 in clippy/take-over-github
🎉 Merged: PR #32 in clippy/take-over-github
❌ Closed: PR #30 in clippy/really-really-really-really-reall...",
}
`;
